Copyright 1986-2019 Xilinx, Inc. All Rights Reserved.
-------------------------------------------------------------------------------------------------------------------------------------------------------
| Tool Version : Vivado v.2019.2.1 (lin64) Build 2729669 Thu Dec  5 04:48:12 MST 2019
| Date         : Tue May 26 13:51:48 2020
| Host         : qce-alveo01.ewi.tudelft.nl running 64-bit CentOS Linux release 7.7.1908 (Core)
| Command      : report_utilization -file MicroBlaze_HBM_Streams_wrapper_utilization_synth.rpt -pb MicroBlaze_HBM_Streams_wrapper_utilization_synth.pb
| Design       : MicroBlaze_HBM_Streams_wrapper
| Device       : xcu280fsvh2892-2L
| Design State : Synthesized
-------------------------------------------------------------------------------------------------------------------------------------------------------

Utilization Design Information

Table of Contents
-----------------
1. CLB Logic
1.1 Summary of Registers by Type
2. BLOCKRAM
3. ARITHMETIC
4. I/O
5. CLOCK
6. ADVANCED
7. CONFIGURATION
8. Primitives
9. Black Boxes
10. Instantiated Netlists
11. SLR Connectivity
12. SLR Connectivity Matrix
13. SLR CLB Logic and Dedicated Block Utilization
14. SLR IO Utilization

1. CLB Logic
------------

+----------------------------+-------+-------+-----------+-------+
|          Site Type         |  Used | Fixed | Available | Util% |
+----------------------------+-------+-------+-----------+-------+
| CLB LUTs*                  | 17402 |     0 |   1303680 |  1.33 |
|   LUT as Logic             | 16888 |     0 |   1303680 |  1.30 |
|   LUT as Memory            |   514 |     0 |    600960 |  0.09 |
|     LUT as Distributed RAM |   234 |     0 |           |       |
|     LUT as Shift Register  |   280 |     0 |           |       |
| CLB Registers              | 25673 |     0 |   2607360 |  0.98 |
|   Register as Flip Flop    | 25672 |     0 |   2607360 |  0.98 |
|   Register as Latch        |     0 |     0 |   2607360 |  0.00 |
|   Register as AND/OR       |     1 |     0 |   2607360 | <0.01 |
| CARRY8                     |    82 |     0 |    162960 |  0.05 |
| F7 Muxes                   |   172 |     0 |    651840 |  0.03 |
| F8 Muxes                   |    32 |     0 |    325920 | <0.01 |
| F9 Muxes                   |     0 |     0 |    162960 |  0.00 |
+----------------------------+-------+-------+-----------+-------+
* Warning! The Final LUT count, after physical optimizations and full implementation, is typically lower. Run opt_design after synthesis, if not already completed, for a more realistic count.


1.1 Summary of Registers by Type
--------------------------------

+-------+--------------+-------------+--------------+
| Total | Clock Enable | Synchronous | Asynchronous |
+-------+--------------+-------------+--------------+
| 1     |            _ |           - |            - |
| 0     |            _ |           - |          Set |
| 0     |            _ |           - |        Reset |
| 0     |            _ |         Set |            - |
| 0     |            _ |       Reset |            - |
| 0     |          Yes |           - |            - |
| 84    |          Yes |           - |          Set |
| 595   |          Yes |           - |        Reset |
| 315   |          Yes |         Set |            - |
| 24678 |          Yes |       Reset |            - |
+-------+--------------+-------------+--------------+


2. BLOCKRAM
-----------

+-------------------+------+-------+-----------+-------+
|     Site Type     | Used | Fixed | Available | Util% |
+-------------------+------+-------+-----------+-------+
| Block RAM Tile    | 50.5 |     0 |      2016 |  2.50 |
|   RAMB36/FIFO*    |   50 |     0 |      2016 |  2.48 |
|     RAMB36E2 only |   50 |       |           |       |
|   RAMB18          |    1 |     0 |      4032 |  0.02 |
|     RAMB18E2 only |    1 |       |           |       |
| URAM              |    0 |     0 |       960 |  0.00 |
+-------------------+------+-------+-----------+-------+
* Note: Each Block RAM Tile only has one FIFO logic available and therefore can accommodate only one FIFO36E2 or one FIFO18E2. However, if a FIFO18E2 occupies a Block RAM Tile, that tile can still accommodate a RAMB18E2


3. ARITHMETIC
-------------

+-----------+------+-------+-----------+-------+
| Site Type | Used | Fixed | Available | Util% |
+-----------+------+-------+-----------+-------+
| DSPs      |    0 |     0 |      9024 |  0.00 |
+-----------+------+-------+-----------+-------+


4. I/O
------

+------------+------+-------+-----------+-------+
|  Site Type | Used | Fixed | Available | Util% |
+------------+------+-------+-----------+-------+
| Bonded IOB |    5 |     0 |       624 |  0.80 |
+------------+------+-------+-----------+-------+


5. CLOCK
--------

+----------------------+------+-------+-----------+-------+
|       Site Type      | Used | Fixed | Available | Util% |
+----------------------+------+-------+-----------+-------+
| GLOBAL CLOCK BUFFERs |    2 |     0 |      1008 |  0.20 |
|   BUFGCE             |    2 |     0 |       288 |  0.69 |
|   BUFGCE_DIV         |    0 |     0 |        48 |  0.00 |
|   BUFG_GT            |    0 |     0 |       576 |  0.00 |
|   BUFGCTRL*          |    0 |     0 |        96 |  0.00 |
| PLL                  |    1 |     0 |        24 |  4.17 |
| MMCM                 |    0 |     0 |        12 |  0.00 |
+----------------------+------+-------+-----------+-------+
* Note: Each used BUFGCTRL counts as two GLOBAL CLOCK BUFFERs. This table does not include global clocking resources, only buffer cell usage. See the Clock Utilization Report (report_clock_utilization) for detailed accounting of global clocking resource availability.


6. ADVANCED
-----------

+----------------------+------+-------+-----------+-------+
|       Site Type      | Used | Fixed | Available | Util% |
+----------------------+------+-------+-----------+-------+
| CMACE4               |    0 |     0 |         8 |  0.00 |
| GTYE4_CHANNEL        |    0 |     0 |        24 |  0.00 |
| GTYE4_COMMON         |    0 |     0 |         6 |  0.00 |
| HBM_REF_CLK          |    1 |     0 |         2 | 50.00 |
| HBM_SNGLBLI_INTF_APB |    1 |     0 |        32 |  3.13 |
| HBM_SNGLBLI_INTF_AXI |   16 |     0 |        32 | 50.00 |
| ILKNE4               |    0 |     0 |         4 |  0.00 |
| OBUFDS_GTE4          |    0 |     0 |        12 |  0.00 |
| OBUFDS_GTE4_ADV      |    0 |     0 |        12 |  0.00 |
| PCIE40E4             |    0 |     0 |         2 |  0.00 |
| PCIE4CE4             |    0 |     0 |         4 |  0.00 |
| SYSMONE4             |    0 |     0 |         3 |  0.00 |
+----------------------+------+-------+-----------+-------+


7. CONFIGURATION
----------------

+-------------+------+-------+-----------+-------+
|  Site Type  | Used | Fixed | Available | Util% |
+-------------+------+-------+-----------+-------+
| BSCANE2     |    0 |     0 |        12 |  0.00 |
| DNA_PORTE2  |    0 |     0 |         3 |  0.00 |
| EFUSE_USR   |    0 |     0 |         3 |  0.00 |
| FRAME_ECCE4 |    0 |     0 |         3 |  0.00 |
| ICAPE3      |    0 |     0 |         6 |  0.00 |
| MASTER_JTAG |    0 |     0 |         3 |  0.00 |
| STARTUPE3   |    0 |     0 |         3 |  0.00 |
+-------------+------+-------+-----------+-------+


8. Primitives
-------------

+----------------------+-------+---------------------+
|       Ref Name       |  Used | Functional Category |
+----------------------+-------+---------------------+
| FDRE                 | 24678 |            Register |
| LUT3                 |  9564 |                 CLB |
| LUT6                 |  3528 |                 CLB |
| LUT5                 |  2736 |                 CLB |
| LUT4                 |  2386 |                 CLB |
| LUT2                 |  1627 |                 CLB |
| FDCE                 |   595 |            Register |
| RAMD32               |   392 |                 CLB |
| FDSE                 |   315 |            Register |
| LUT1                 |   265 |                 CLB |
| SRL16E               |   180 |                 CLB |
| MUXF7                |   172 |                 CLB |
| SRLC32E              |   100 |                 CLB |
| FDPE                 |    84 |            Register |
| CARRY8               |    82 |                 CLB |
| RAMS32               |    74 |                 CLB |
| RAMB36E2             |    50 |           Block Ram |
| MUXF8                |    32 |                 CLB |
| HBM_SNGLBLI_INTF_AXI |    16 |            Advanced |
| IBUFCTRL             |     4 |              Others |
| INBUF                |     3 |                 I/O |
| BUFGCE               |     2 |               Clock |
| RAMB18E2             |     1 |           Block Ram |
| PLLE4_ADV            |     1 |               Clock |
| HBM_SNGLBLI_INTF_APB |     1 |            Advanced |
| HBM_REF_CLK          |     1 |            Advanced |
| DIFFINBUF            |     1 |                 I/O |
| AND2B1L              |     1 |              Others |
+----------------------+-------+---------------------+


9. Black Boxes
--------------

+----------+------+
| Ref Name | Used |
+----------+------+


10. Instantiated Netlists
-------------------------

+----------+------+
| Ref Name | Used |
+----------+------+


11. SLR Connectivity
--------------------

+----------------------------------+------+-------+-----------+-------+
|                                  | Used | Fixed | Available | Util% |
+----------------------------------+------+-------+-----------+-------+
| SLR2 <-> SLR1                    |    0 |       |     23040 |  0.00 |
|   SLR1 -> SLR2                   |    0 |       |           |  0.00 |
|     Using TX_REG only            |    0 |     0 |           |       |
|     Using RX_REG only            |    0 |     0 |           |       |
|     Using Both TX_REG and RX_REG |    0 |     0 |           |       |
|   SLR2 -> SLR1                   |    0 |       |           |  0.00 |
|     Using TX_REG only            |    0 |     0 |           |       |
|     Using RX_REG only            |    0 |     0 |           |       |
|     Using Both TX_REG and RX_REG |    0 |     0 |           |       |
| SLR1 <-> SLR0                    |    0 |       |     23040 |  0.00 |
|   SLR0 -> SLR1                   |    0 |       |           |  0.00 |
|     Using TX_REG only            |    0 |     0 |           |       |
|     Using RX_REG only            |    0 |     0 |           |       |
|     Using Both TX_REG and RX_REG |    0 |     0 |           |       |
|   SLR1 -> SLR0                   |    0 |       |           |  0.00 |
|     Using TX_REG only            |    0 |     0 |           |       |
|     Using RX_REG only            |    0 |     0 |           |       |
|     Using Both TX_REG and RX_REG |    0 |     0 |           |       |
+----------------------------------+------+-------+-----------+-------+
| Total SLLs Used                  |    0 |       |           |       |
+----------------------------------+------+-------+-----------+-------+


12. SLR Connectivity Matrix
---------------------------

+-----------+------+------+------+
| FROM \ TO | SLR2 | SLR1 | SLR0 |
+-----------+------+------+------+
| SLR2      |    0 |    0 |    0 |
| SLR1      |    0 |    0 |    0 |
| SLR0      |    0 |    0 |    0 |
+-----------+------+------+------+


13. SLR CLB Logic and Dedicated Block Utilization
-------------------------------------------------

+----------------------------+------+------+------+--------+--------+--------+
|          Site Type         | SLR0 | SLR1 | SLR2 | SLR0 % | SLR1 % | SLR2 % |
+----------------------------+------+------+------+--------+--------+--------+
| CLB                        |    0 |    0 |    0 |   0.00 |   0.00 |   0.00 |
|   CLBL                     |    0 |    0 |    0 |   0.00 |   0.00 |   0.00 |
|   CLBM                     |    0 |    0 |    0 |   0.00 |   0.00 |   0.00 |
| CLB LUTs                   |    0 |    0 |    0 |   0.00 |   0.00 |   0.00 |
|   LUT as Logic             |    0 |    0 |    0 |   0.00 |   0.00 |   0.00 |
|   LUT as Memory            |    0 |    0 |    0 |   0.00 |   0.00 |   0.00 |
|     LUT as Distributed RAM |    0 |    0 |    0 |   0.00 |   0.00 |   0.00 |
|     LUT as Shift Register  |    0 |    0 |    0 |   0.00 |   0.00 |   0.00 |
| CLB Registers              |    0 |    0 |    0 |   0.00 |   0.00 |   0.00 |
| CARRY8                     |    0 |    0 |    0 |   0.00 |   0.00 |   0.00 |
| F7 Muxes                   |    0 |    0 |    0 |   0.00 |   0.00 |   0.00 |
| F8 Muxes                   |    0 |    0 |    0 |   0.00 |   0.00 |   0.00 |
| F9 Muxes                   |    0 |    0 |    0 |   0.00 |   0.00 |   0.00 |
| Block RAM Tile             |    0 |    0 |    0 |   0.00 |   0.00 |   0.00 |
|   RAMB36/FIFO              |    0 |    0 |    0 |   0.00 |   0.00 |   0.00 |
|   RAMB18                   |    0 |    0 |    0 |   0.00 |   0.00 |   0.00 |
| URAM                       |    0 |    0 |    0 |   0.00 |   0.00 |   0.00 |
| DSPs                       |    0 |    0 |    0 |   0.00 |   0.00 |   0.00 |
| PLL                        |    0 |    0 |    0 |   0.00 |   0.00 |   0.00 |
| MMCM                       |    0 |    0 |    0 |   0.00 |   0.00 |   0.00 |
| Unique Control Sets        |    0 |    0 |    0 |   0.00 |   0.00 |   0.00 |
+----------------------------+------+------+------+--------+--------+--------+
* Note: Available Control Sets based on CLB Registers / 8


14. SLR IO Utilization
----------------------

+-----------+-----------+---------+------------+----------+------------+----------+-----+
| SLR Index | Used IOBs | (%)IOBs | Used IPADs | (%)IPADs | Used OPADs | (%)OPADs | GTs |
+-----------+-----------+---------+------------+----------+------------+----------+-----+
| SLR2      |         0 |    0.00 |          0 |     0.00 |          0 |     0.00 |   0 |
| SLR1      |         0 |    0.00 |          0 |     0.00 |          0 |     0.00 |   0 |
| SLR0      |         0 |    0.00 |          0 |     0.00 |          0 |     0.00 |   0 |
+-----------+-----------+---------+------------+----------+------------+----------+-----+
| Total     |         0 |         |          0 |          |          0 |          |   0 |
+-----------+-----------+---------+------------+----------+------------+----------+-----+


