Copyright 1986-2019 Xilinx, Inc. All Rights Reserved.
--------------------------------------------------------------------------------------------------------------------------------------------------------------------------------------------------------------------------------
| Tool Version      : Vivado v.2019.2.1 (lin64) Build 2729669 Thu Dec  5 04:48:12 MST 2019
| Date              : Tue May 26 14:15:41 2020
| Host              : qce-alveo01.ewi.tudelft.nl running 64-bit CentOS Linux release 7.7.1908 (Core)
| Command           : report_bus_skew -warn_on_violation -file MicroBlaze_HBM_Streams_wrapper_bus_skew_routed.rpt -pb MicroBlaze_HBM_Streams_wrapper_bus_skew_routed.pb -rpx MicroBlaze_HBM_Streams_wrapper_bus_skew_routed.rpx
| Design            : MicroBlaze_HBM_Streams_wrapper
| Device            : xcu280-fsvh2892
| Speed File        : -2L  PRODUCTION 1.26 08-13-2019
| Temperature Grade : E
--------------------------------------------------------------------------------------------------------------------------------------------------------------------------------------------------------------------------------

Bus Skew Report

No bus skew constraints

